../Core/Src/main.c:58:6:display7SEG	16	static
../Core/Src/main.c:164:6:updateClockBuffer	4	static
../Core/Src/main.c:174:6:setTimer0	16	static
../Core/Src/main.c:179:6:timer_run	8	static
../Core/Src/main.c:206:5:main	8	static
../Core/Src/main.c:256:6:SystemClock_Config	72	static
../Core/Src/main.c:293:13:MX_TIM2_Init	32	static
../Core/Src/main.c:338:13:MX_GPIO_Init	32	static
../Core/Src/main.c:377:6:update7SEG	16	static
../Core/Src/main.c:421:6:HAL_TIM_PeriodElapsedCallback	16	static
../Core/Src/main.c:435:6:Error_Handler	4	static,ignoring_inline_asm
